
- NASM Map file ---------------------------------------------------------------

Source file:  nullB00t.asm
Output file:  nullB00t.bin

-- Symbols --------------------------------------------------------------------

---- Section .text ------------------------------------------------------------

Real              Virtual           Name
            7C00              7C00  _start
            7C15              7C15  _printWelcomeMsg
            7C2E              7C2E  _setCursorPosition
            7C36              7C36  _resetCursorPosition
            7C3E              7C3E  _updateCursorPosition
            7C47              7C47  _nextLine
            7C57              7C57  _crlf
            7C62              7C62  _moveCursorToLine
            7C77              7C77  _clearScreen
            7C86              7C86  _slen
            7C89              7C89  _slen.next
            7C91              7C91  _slen.done
            7C97              7C97  _printchar
            7CA0              7CA0  _sprint
            7CA0              7CA0  _sprint.next
            7CAA              7CAA  _sprint.done
            7CAB              7CAB  _printCenteredString
            7CCC              7CCC  _printCenteredString.success
            7CD5              7CD5  _printCenteredString.errorTooLong
            7CDE              7CDE  _printCenteredString.done
            7CE3              7CE3  cursorX
            7CE4              7CE4  cursorY
            7CE5              7CE5  cursorP
            7CE6              7CE6  Msg1
            7CEF              7CEF  Msg2

