
- NASM Map file ---------------------------------------------------------------

Source file:  nullB00t.asm
Output file:  nullB00t.bin

-- Symbols --------------------------------------------------------------------

---- Section .text ------------------------------------------------------------

Real              Virtual           Name
            7C00              7C00  _start
            7C15              7C15  _printWelcomeMsg
            7C2E              7C2E  _setCursorPosition
            7C36              7C36  _resetCursorPosition
            7C3E              7C3E  _updateCursorPosition
            7C47              7C47  _lf
            7C57              7C57  _cr
            7C63              7C63  _crlf
            7C6A              7C6A  _moveCursorToLine
            7C7F              7C7F  _clearScreen
            7C8E              7C8E  _slen
            7C91              7C91  _slen.next
            7C99              7C99  _slen.done
            7C9F              7C9F  _printchar
            7CA8              7CA8  _sprint
            7CA8              7CA8  _sprint.next
            7CB2              7CB2  _sprint.done
            7CB3              7CB3  _printCenteredString
            7CD4              7CD4  _printCenteredString.success
            7CDD              7CDD  _printCenteredString.errorTooLong
            7CE6              7CE6  _printCenteredString.done
            7CEB              7CEB  cursorX
            7CEC              7CEC  cursorY
            7CED              7CED  cursorP
            7CEE              7CEE  Msg1
            7CF8              7CF8  Msg2

